Launching classification training: experiment_0/exp_0_2 with 1 gpus
Using 0
saved new best metric model
current epoch: 2 current accuracy: 0.7000
best accuracy: 0.7000 at epoch: 2
saved new best metric model
current epoch: 4 current accuracy: 0.7500
best accuracy: 0.7500 at epoch: 4
saved new best metric model
current epoch: 10 current accuracy: 0.8000
best accuracy: 0.8000 at epoch: 10
saved new best metric model
current epoch: 132 current accuracy: 0.8500
best accuracy: 0.8500 at epoch: 132
saved new best metric model
current epoch: 302 current accuracy: 0.9000
best accuracy: 0.9000 at epoch: 302
Training complete, best accuracy: 0.9000 at epoch 302
Launching classification testing: experiment_0/exp_0_2 with 1 gpus
Using 0
